tests/fixtures/input/zsh/parse-error.zsh:2: parse error near `\n'
